// Vitest Snapshot v1, https://vitest.dev/guide/snapshot.html

exports[`the rule set as a whole > keeps every rule at its reviewed severity 1`] = `
{
  "ATW-AMOUNT-OUT-OF-RANGE": "fatal",
  "ATW-CREDIT-NOTE-DUE-DATE-UNBOUND": "warning",
  "ATW-CREDIT-NOTE-NEGATIVE-AMOUNTS": "warning",
  "ATW-CREDIT-NOTE-NO-PRECEDING-INVOICE": "information",
  "ATW-CREDIT-NOTE-PROJECT-REFERENCE-UNBOUND": "warning",
  "ATW-DATE-NOT-A-CALENDAR-DATE": "fatal",
  "ATW-DECLARED-TOTAL-NOT-A-NUMBER": "fatal",
  "ATW-DECLARED-TOTAL-NOT-FINITE": "fatal",
  "ATW-INPUT-TYPE": "fatal",
  "ATW-NUMBER-NOT-FINITE": "fatal",
  "ATW-NUMBER-TOO-LARGE": "fatal",
  "ATW-PROFILE-UNKNOWN": "fatal",
  "ATW-TEXT-NOT-XML": "fatal",
  "ATW-VAT-CATEGORY-UNSUPPORTED": "fatal",
  "ATW-VAT-RATE-FRACTION": "warning",
  "ATW-VAT-RATE-OUT-OF-RANGE": "fatal",
  "BR-01": "fatal",
  "BR-02": "fatal",
  "BR-03": "fatal",
  "BR-04": "fatal",
  "BR-05": "fatal",
  "BR-06": "fatal",
  "BR-07": "fatal",
  "BR-08": "fatal",
  "BR-09": "fatal",
  "BR-10": "fatal",
  "BR-11": "fatal",
  "BR-12": "fatal",
  "BR-13": "fatal",
  "BR-14": "fatal",
  "BR-15": "fatal",
  "BR-16": "fatal",
  "BR-17": "fatal",
  "BR-18": "fatal",
  "BR-19": "fatal",
  "BR-20": "fatal",
  "BR-21": "fatal",
  "BR-22": "fatal",
  "BR-23": "fatal",
  "BR-24": "fatal",
  "BR-25": "fatal",
  "BR-26": "fatal",
  "BR-27": "fatal",
  "BR-28": "fatal",
  "BR-29": "fatal",
  "BR-30": "fatal",
  "BR-31": "fatal",
  "BR-32": "fatal",
  "BR-33": "fatal",
  "BR-36": "fatal",
  "BR-37": "fatal",
  "BR-38": "fatal",
  "BR-41": "fatal",
  "BR-42": "fatal",
  "BR-43": "fatal",
  "BR-44": "fatal",
  "BR-45": "fatal",
  "BR-46": "fatal",
  "BR-47": "fatal",
  "BR-48": "fatal",
  "BR-49": "fatal",
  "BR-50": "fatal",
  "BR-51": "warning",
  "BR-52": "fatal",
  "BR-53": "fatal",
  "BR-54": "fatal",
  "BR-55": "fatal",
  "BR-56": "fatal",
  "BR-57": "fatal",
  "BR-61": "fatal",
  "BR-62": "fatal",
  "BR-63": "fatal",
  "BR-64": "fatal",
  "BR-65": "fatal",
  "BR-AE-01": "fatal",
  "BR-AE-02": "fatal",
  "BR-AE-03": "fatal",
  "BR-AE-04": "fatal",
  "BR-AE-05": "fatal",
  "BR-AE-06": "fatal",
  "BR-AE-07": "fatal",
  "BR-AE-08": "fatal",
  "BR-AE-09": "fatal",
  "BR-AE-10": "fatal",
  "BR-AF-01": "fatal",
  "BR-AF-02": "fatal",
  "BR-AF-03": "fatal",
  "BR-AF-04": "fatal",
  "BR-AF-05": "fatal",
  "BR-AF-06": "fatal",
  "BR-AF-07": "fatal",
  "BR-AF-08": "fatal",
  "BR-AF-09": "fatal",
  "BR-AF-10": "warning",
  "BR-AG-01": "fatal",
  "BR-AG-02": "fatal",
  "BR-AG-03": "fatal",
  "BR-AG-04": "fatal",
  "BR-AG-05": "fatal",
  "BR-AG-06": "fatal",
  "BR-AG-07": "fatal",
  "BR-AG-08": "fatal",
  "BR-AG-09": "fatal",
  "BR-AG-10": "warning",
  "BR-CL-01": "fatal",
  "BR-CL-03": "fatal",
  "BR-CL-04": "fatal",
  "BR-CL-05": "fatal",
  "BR-CL-06": "fatal",
  "BR-CL-07": "fatal",
  "BR-CL-08": "fatal",
  "BR-CL-10": "fatal",
  "BR-CL-11": "fatal",
  "BR-CL-13": "fatal",
  "BR-CL-14": "fatal",
  "BR-CL-15": "fatal",
  "BR-CL-16": "fatal",
  "BR-CL-17": "fatal",
  "BR-CL-18": "fatal",
  "BR-CL-19": "fatal",
  "BR-CL-20": "fatal",
  "BR-CL-21": "fatal",
  "BR-CL-22": "fatal",
  "BR-CL-23": "fatal",
  "BR-CL-24": "fatal",
  "BR-CL-25": "fatal",
  "BR-CL-26": "fatal",
  "BR-CO-03": "fatal",
  "BR-CO-04": "fatal",
  "BR-CO-09": "fatal",
  "BR-CO-10": "fatal",
  "BR-CO-11": "fatal",
  "BR-CO-12": "fatal",
  "BR-CO-13": "fatal",
  "BR-CO-14": "fatal",
  "BR-CO-15": "fatal",
  "BR-CO-16": "fatal",
  "BR-CO-17": "fatal",
  "BR-CO-18": "fatal",
  "BR-CO-19": "fatal",
  "BR-CO-20": "fatal",
  "BR-CO-21": "fatal",
  "BR-CO-22": "fatal",
  "BR-CO-23": "fatal",
  "BR-CO-24": "fatal",
  "BR-CO-26": "fatal",
  "BR-DE-1": "fatal",
  "BR-DE-10": "fatal",
  "BR-DE-11": "fatal",
  "BR-DE-14": "fatal",
  "BR-DE-15": "fatal",
  "BR-DE-16": "fatal",
  "BR-DE-17": "warning",
  "BR-DE-18": "fatal",
  "BR-DE-19": "warning",
  "BR-DE-2": "fatal",
  "BR-DE-20": "warning",
  "BR-DE-22": "fatal",
  "BR-DE-23-a": "fatal",
  "BR-DE-23-b": "fatal",
  "BR-DE-24-a": "fatal",
  "BR-DE-24-b": "fatal",
  "BR-DE-25-a": "fatal",
  "BR-DE-25-b": "fatal",
  "BR-DE-26": "warning",
  "BR-DE-27": "warning",
  "BR-DE-28": "warning",
  "BR-DE-3": "fatal",
  "BR-DE-30": "fatal",
  "BR-DE-31": "fatal",
  "BR-DE-4": "fatal",
  "BR-DE-5": "fatal",
  "BR-DE-6": "fatal",
  "BR-DE-7": "fatal",
  "BR-DE-8": "fatal",
  "BR-DE-9": "fatal",
  "BR-DE-TMP-32": "information",
  "BR-DEC-01": "fatal",
  "BR-DEC-02": "fatal",
  "BR-DEC-05": "fatal",
  "BR-DEC-06": "fatal",
  "BR-DEC-09": "fatal",
  "BR-DEC-10": "fatal",
  "BR-DEC-11": "fatal",
  "BR-DEC-12": "fatal",
  "BR-DEC-13": "fatal",
  "BR-DEC-14": "fatal",
  "BR-DEC-15": "fatal",
  "BR-DEC-16": "fatal",
  "BR-DEC-17": "fatal",
  "BR-DEC-18": "fatal",
  "BR-DEC-19": "fatal",
  "BR-DEC-20": "fatal",
  "BR-DEC-23": "fatal",
  "BR-DEC-24": "fatal",
  "BR-DEC-25": "fatal",
  "BR-DEC-27": "fatal",
  "BR-DEC-28": "fatal",
  "BR-E-01": "fatal",
  "BR-E-02": "fatal",
  "BR-E-03": "fatal",
  "BR-E-04": "fatal",
  "BR-E-05": "fatal",
  "BR-E-06": "fatal",
  "BR-E-07": "fatal",
  "BR-E-08": "fatal",
  "BR-E-09": "fatal",
  "BR-E-10": "fatal",
  "BR-G-01": "fatal",
  "BR-G-02": "fatal",
  "BR-G-03": "fatal",
  "BR-G-04": "fatal",
  "BR-G-05": "fatal",
  "BR-G-06": "fatal",
  "BR-G-07": "fatal",
  "BR-G-08": "fatal",
  "BR-G-09": "fatal",
  "BR-G-10": "fatal",
  "BR-IC-01": "fatal",
  "BR-IC-02": "fatal",
  "BR-IC-03": "fatal",
  "BR-IC-04": "fatal",
  "BR-IC-05": "fatal",
  "BR-IC-06": "fatal",
  "BR-IC-07": "fatal",
  "BR-IC-08": "fatal",
  "BR-IC-09": "fatal",
  "BR-IC-10": "fatal",
  "BR-IC-11": "fatal",
  "BR-IC-12": "fatal",
  "BR-O-01": "fatal",
  "BR-O-02": "fatal",
  "BR-O-03": "fatal",
  "BR-O-04": "fatal",
  "BR-O-05": "fatal",
  "BR-O-06": "fatal",
  "BR-O-07": "fatal",
  "BR-O-08": "fatal",
  "BR-O-09": "fatal",
  "BR-O-10": "fatal",
  "BR-O-11": "fatal",
  "BR-O-12": "fatal",
  "BR-O-13": "fatal",
  "BR-O-14": "fatal",
  "BR-S-01": "fatal",
  "BR-S-02": "fatal",
  "BR-S-03": "fatal",
  "BR-S-04": "fatal",
  "BR-S-05": "fatal",
  "BR-S-06": "fatal",
  "BR-S-07": "fatal",
  "BR-S-08": "fatal",
  "BR-S-09": "fatal",
  "BR-S-10": "warning",
  "BR-Z-01": "fatal",
  "BR-Z-02": "fatal",
  "BR-Z-03": "fatal",
  "BR-Z-04": "fatal",
  "BR-Z-05": "fatal",
  "BR-Z-06": "fatal",
  "BR-Z-07": "fatal",
  "BR-Z-08": "fatal",
  "BR-Z-09": "fatal",
  "BR-Z-10": "warning",
  "PEPPOL-COMMON-R040": "fatal",
  "PEPPOL-COMMON-R041": "fatal",
  "PEPPOL-COMMON-R042": "fatal",
  "PEPPOL-COMMON-R043": "fatal",
  "PEPPOL-COMMON-R044": "warning",
  "PEPPOL-COMMON-R045": "warning",
  "PEPPOL-COMMON-R046": "warning",
  "PEPPOL-COMMON-R047": "warning",
  "PEPPOL-COMMON-R048": "warning",
  "PEPPOL-COMMON-R049": "fatal",
  "PEPPOL-COMMON-R050": "fatal",
  "PEPPOL-COMMON-R052": "warning",
  "PEPPOL-COMMON-R053": "warning",
  "PEPPOL-EN16931-CL007": "fatal",
  "PEPPOL-EN16931-CL008": "fatal",
  "PEPPOL-EN16931-F001": "fatal",
  "PEPPOL-EN16931-P0100": "fatal",
  "PEPPOL-EN16931-P0101": "fatal",
  "PEPPOL-EN16931-P0104": "fatal",
  "PEPPOL-EN16931-P0105": "fatal",
  "PEPPOL-EN16931-P0106": "fatal",
  "PEPPOL-EN16931-P0107": "fatal",
  "PEPPOL-EN16931-P0108": "fatal",
  "PEPPOL-EN16931-P0109": "fatal",
  "PEPPOL-EN16931-P0110": "fatal",
  "PEPPOL-EN16931-P0111": "fatal",
  "PEPPOL-EN16931-P0112": "fatal",
  "PEPPOL-EN16931-R002": "warning",
  "PEPPOL-EN16931-R003": "fatal",
  "PEPPOL-EN16931-R005": "fatal",
  "PEPPOL-EN16931-R010": "fatal|warning",
  "PEPPOL-EN16931-R020": "fatal|warning",
  "PEPPOL-EN16931-R040": "fatal",
  "PEPPOL-EN16931-R041": "fatal",
  "PEPPOL-EN16931-R042": "fatal",
  "PEPPOL-EN16931-R046": "fatal",
  "PEPPOL-EN16931-R055": "fatal",
  "PEPPOL-EN16931-R061": "fatal",
  "PEPPOL-EN16931-R110": "fatal",
  "PEPPOL-EN16931-R111": "fatal",
  "PEPPOL-EN16931-R120": "fatal",
  "PEPPOL-EN16931-R121": "fatal",
}
`;
